// Jest Snapshot v1, https://goo.gl/fbAQLP

exports[`Home renders 1`] = `
<div>
  <main
    class="home-page"
  >
    <h1>
      Academy Software Delivery Notebook
    </h1>
    <div
      class="links"
    >
      <a
        href="/skills-coaches"
      >
        <span
          class="emoji"
        >
          🚌
        </span>
        <span
          class="text"
        >
          Skills Coaches
        </span>
      </a>
      <a
        href="/trainers"
      >
        <span
          class="emoji"
        >
          👟
        </span>
        <span
          class="text"
        >
          Trainers
        </span>
      </a>
    </div>
  </main>
</div>
`;
